// Jest Snapshot v1, https://goo.gl/fbAQLP

exports[`list catalog templates handler tests should be able to list registry 1`] = `"z/OSMF Service Registry"`;

exports[`list catalog templates handler tests should be able to list registry 2`] = `
"[90mnull[39m

"
`;

exports[`list catalog templates handler tests should be able to list registry 3`] = `Object {}`;
