// Jest Snapshot v1, https://goo.gl/fbAQLP

exports[`Download data set handler process method should download a single data set if requested 1`] = `
Object {
  "commandResponse": "downloaded",
  "success": true,
}
`;

exports[`Download data set handler process method should download a single data set if requested 2`] = `""`;

exports[`Download data set handler process method should download a single data set if requested 3`] = `
"
downloaded"
`;
