// Jest Snapshot v1, https://goo.gl/fbAQLP

exports[`list catalog templates handler tests should be able to list catalog 1`] = `
"

"
`;

exports[`list catalog templates handler tests should be able to list catalog 2`] = `Object {}`;
