// Jest Snapshot v1, https://goo.gl/fbAQLP

exports[`list instance info handler tests should be able to list instance vars 1`] = `
Object {
  "fields": Array [
    "name",
    "value",
    "visibility",
    "update-registry",
  ],
  "format": "table",
  "header": true,
  "output": undefined,
}
`;

exports[`list instance info handler tests should be able to list instance vars 2`] = `undefined`;
