// Jest Snapshot v1, https://goo.gl/fbAQLP

exports[`zos-jobs submit group definition should not have changed 1`] = `
Object {
  "aliases": Array [
    "sub",
  ],
  "description": "Submit jobs (JCL) contained in data sets.",
  "name": "submit",
  "summary": "Submit z/OS jobs",
  "type": "group",
}
`;
